2026-08-09 22:56:26 | LightGBM=4.7.0; CPU physical/logical=16/32; sequential diseases, classifier n_jobs=8
2026-08-09 22:56:28 | h3_with_weather: classifiers=25/221, elapsed=1.4s
2026-08-09 22:56:30 | h3_with_weather: classifiers=50/221, elapsed=3.2s
2026-08-09 22:56:32 | h3_with_weather: classifiers=75/221, elapsed=4.9s
2026-08-09 22:56:33 | h3_with_weather: classifiers=100/221, elapsed=6.3s
2026-08-09 22:56:35 | h3_with_weather: classifiers=125/221, elapsed=7.9s
2026-08-09 22:56:36 | h3_with_weather: classifiers=150/221, elapsed=9.5s
2026-08-09 22:56:38 | h3_with_weather: classifiers=175/221, elapsed=11.0s
2026-08-09 22:56:40 | h3_with_weather: classifiers=200/221, elapsed=12.6s
2026-08-09 22:56:41 | h3_with_weather: classifiers=221/221, elapsed=13.9s
2026-08-09 22:56:41 | h3_with_weather: success, train=13.89s, NDCG@5=0.749145, peakRSS=275.4MiB
2026-08-09 22:56:42 | h3_no_weather: classifiers=25/221, elapsed=0.6s
2026-08-09 22:56:42 | h3_no_weather: classifiers=50/221, elapsed=1.3s
2026-08-09 22:56:43 | h3_no_weather: classifiers=75/221, elapsed=1.9s
2026-08-09 22:56:43 | h3_no_weather: classifiers=100/221, elapsed=2.4s
2026-08-09 22:56:44 | h3_no_weather: classifiers=125/221, elapsed=3.2s
2026-08-09 22:56:45 | h3_no_weather: classifiers=150/221, elapsed=4.1s
2026-08-09 22:56:46 | h3_no_weather: classifiers=175/221, elapsed=4.8s
2026-08-09 22:56:47 | h3_no_weather: classifiers=200/221, elapsed=5.7s
2026-08-09 22:56:47 | h3_no_weather: classifiers=221/221, elapsed=6.2s
2026-08-09 22:56:47 | h3_no_weather: success, train=6.15s, NDCG@5=0.743419, peakRSS=269.9MiB
2026-08-09 22:56:50 | h7_with_weather: classifiers=25/221, elapsed=1.4s
2026-08-09 22:56:51 | h7_with_weather: classifiers=50/221, elapsed=3.1s
2026-08-09 22:56:53 | h7_with_weather: classifiers=75/221, elapsed=4.9s
2026-08-09 22:56:54 | h7_with_weather: classifiers=100/221, elapsed=6.3s
2026-08-09 22:56:56 | h7_with_weather: classifiers=125/221, elapsed=7.9s
2026-08-09 22:56:58 | h7_with_weather: classifiers=150/221, elapsed=9.6s
2026-08-09 22:56:59 | h7_with_weather: classifiers=175/221, elapsed=11.2s
2026-08-09 22:57:01 | h7_with_weather: classifiers=200/221, elapsed=12.8s
2026-08-09 22:57:02 | h7_with_weather: classifiers=221/221, elapsed=14.1s
2026-08-09 22:57:02 | h7_with_weather: success, train=14.09s, NDCG@5=0.840083, peakRSS=281.2MiB
2026-08-09 22:57:03 | h7_no_weather: classifiers=25/221, elapsed=0.6s
2026-08-09 22:57:04 | h7_no_weather: classifiers=50/221, elapsed=1.4s
2026-08-09 22:57:04 | h7_no_weather: classifiers=75/221, elapsed=2.1s
2026-08-09 22:57:05 | h7_no_weather: classifiers=100/221, elapsed=2.6s
2026-08-09 22:57:06 | h7_no_weather: classifiers=125/221, elapsed=3.4s
2026-08-09 22:57:07 | h7_no_weather: classifiers=150/221, elapsed=4.2s
2026-08-09 22:57:07 | h7_no_weather: classifiers=175/221, elapsed=5.0s
2026-08-09 22:57:08 | h7_no_weather: classifiers=200/221, elapsed=5.8s
2026-08-09 22:57:09 | h7_no_weather: classifiers=221/221, elapsed=6.3s
2026-08-09 22:57:09 | h7_no_weather: success, train=6.30s, NDCG@5=0.836390, peakRSS=274.2MiB
2026-08-09 22:57:11 | h14_with_weather: classifiers=25/221, elapsed=1.5s
2026-08-09 22:57:13 | h14_with_weather: classifiers=50/221, elapsed=3.1s
2026-08-09 22:57:14 | h14_with_weather: classifiers=75/221, elapsed=4.7s
2026-08-09 22:57:16 | h14_with_weather: classifiers=100/221, elapsed=6.0s
2026-08-09 22:57:17 | h14_with_weather: classifiers=125/221, elapsed=7.6s
2026-08-09 22:57:19 | h14_with_weather: classifiers=150/221, elapsed=9.5s
2026-08-09 22:57:21 | h14_with_weather: classifiers=175/221, elapsed=11.1s
2026-08-09 22:57:23 | h14_with_weather: classifiers=200/221, elapsed=12.9s
2026-08-09 22:57:24 | h14_with_weather: classifiers=221/221, elapsed=14.0s
2026-08-09 22:57:24 | h14_with_weather: success, train=14.04s, NDCG@5=0.895461, peakRSS=283.6MiB
2026-08-09 22:57:24 | h14_no_weather: classifiers=25/221, elapsed=0.6s
2026-08-09 22:57:25 | h14_no_weather: classifiers=50/221, elapsed=1.3s
2026-08-09 22:57:26 | h14_no_weather: classifiers=75/221, elapsed=2.1s
2026-08-09 22:57:26 | h14_no_weather: classifiers=100/221, elapsed=2.6s
2026-08-09 22:57:27 | h14_no_weather: classifiers=125/221, elapsed=3.4s
2026-08-09 22:57:28 | h14_no_weather: classifiers=150/221, elapsed=4.2s
2026-08-09 22:57:29 | h14_no_weather: classifiers=175/221, elapsed=5.1s
2026-08-09 22:57:30 | h14_no_weather: classifiers=200/221, elapsed=5.9s
2026-08-09 22:57:30 | h14_no_weather: classifiers=221/221, elapsed=6.4s
2026-08-09 22:57:30 | h14_no_weather: success, train=6.41s, NDCG@5=0.883157, peakRSS=279.7MiB
2026-08-09 22:57:31 | {"best_lightgbm_horizon": "H14", "lightgbm_vs_catboost": "LIGHTGBM_PROMISING", "total_seconds": 64.65026009990834, "integrity_pass": true, "test_used": false, "report": "D:\\OS_C\\B\u00e0i h\u1ecdc tr\u00ean tr\u01b0\u1eddng\\Th\u1ef1c t\u1eadp\\Fullstack_2\\ThucTap-main\\weather_disease_ai_v3\\benchmarks\\lightgbm_ovr_h3_h7_h14\\LIGHTGBM_OVR_REPORT.md"}
